
> richardewing-io@0.1.0 lint
> eslint


D:\Antigravity_RichardEwing.io\app\components\CelebrationOverlay.tsx
  91:9  error  Error: Calling setState synchronously within an effect can trigger cascading renders

Effects are intended to synchronize state between React and external systems such as manually updating the DOM, state management libraries, or other platform APIs. In general, the body of an effect should do one or both of the following:
* Update external systems with the latest state from React.
* Subscribe for updates from some external system, calling setState in a callback function when external state changes.

Calling setState synchronously within an effect body causes cascading renders that can hurt performance, and is not recommended. (https://react.dev/learn/you-might-not-need-an-effect).

D:\Antigravity_RichardEwing.io\app\components\CelebrationOverlay.tsx:91:9
  89 |         if (!isActive) return;
  90 |
> 91 |         setVisible(true);
     |         ^^^^^^^^^^ Avoid calling setState() directly within an effect
  92 |         setFadeOut(false);
  93 |         setShowContent(false);
  94 |         const particleData = createParticles();  react-hooks/set-state-in-effect

D:\Antigravity_RichardEwing.io\app\components\newsletter-form.tsx
  50:8  warning  React Hook useEffect has missing dependencies: 'extraData.tool', 'redirectTo', and 'router'. Either include them or remove the dependency array  react-hooks/exhaustive-deps

D:\Antigravity_RichardEwing.io\app\components\tool-gate.tsx
  86:8  warning  React Hook React.useEffect has a missing dependency: 'hasPaidEntitlement'. Either include it or remove the dependency array  react-hooks/exhaustive-deps

Γ£û 3 problems (1 error, 2 warnings)

